{
    "abi": [
        {
            "members": [
                {
                    "name": "tuple",
                    "offset": 0,
                    "type": "(felt, felt)"
                },
                {
                    "name": "extra",
                    "offset": 2,
                    "type": "felt"
                }
            ],
            "name": "TupleHolder",
            "size": 3,
            "type": "struct"
        },
        {
            "members": [
                {
                    "name": "x",
                    "offset": 0,
                    "type": "felt"
                },
                {
                    "name": "y",
                    "offset": 1,
                    "type": "felt"
                }
            ],
            "name": "Point",
            "size": 2,
            "type": "struct"
        },
        {
            "members": [
                {
                    "name": "p1",
                    "offset": 0,
                    "type": "Point"
                },
                {
                    "name": "p2",
                    "offset": 2,
                    "type": "Point"
                },
                {
                    "name": "extra",
                    "offset": 4,
                    "type": "felt"
                }
            ],
            "name": "PointPair",
            "size": 5,
            "type": "struct"
        },
        {
            "inputs": [
                {
                    "name": "initial_balance",
                    "type": "felt"
                }
            ],
            "name": "constructor",
            "outputs": [],
            "type": "constructor"
        },
        {
            "inputs": [
                {
                    "name": "amount1",
                    "type": "felt"
                },
                {
                    "name": "amount2",
                    "type": "felt"
                }
            ],
            "name": "increase_balance",
            "outputs": [],
            "type": "function"
        },
        {
            "inputs": [
                {
                    "name": "amount",
                    "type": "felt"
                }
            ],
            "name": "increase_balance_with_even",
            "outputs": [],
            "stateMutability": "view",
            "type": "function"
        },
        {
            "inputs": [],
            "name": "get_balance",
            "outputs": [
                {
                    "name": "res",
                    "type": "felt"
                }
            ],
            "stateMutability": "view",
            "type": "function"
        },
        {
            "inputs": [],
            "name": "dummy_tuple_holder",
            "outputs": [
                {
                    "name": "tuple_holder",
                    "type": "TupleHolder"
                }
            ],
            "stateMutability": "view",
            "type": "function"
        },
        {
            "inputs": [
                {
                    "name": "a_len",
                    "type": "felt"
                },
                {
                    "name": "a",
                    "type": "felt*"
                }
            ],
            "name": "identity",
            "outputs": [
                {
                    "name": "res_len",
                    "type": "felt"
                },
                {
                    "name": "res",
                    "type": "felt*"
                },
                {
                    "name": "res_len_squared",
                    "type": "felt"
                }
            ],
            "stateMutability": "view",
            "type": "function"
        },
        {
            "inputs": [
                {
                    "name": "points",
                    "type": "(Point, Point)"
                }
            ],
            "name": "sum_points_to_tuple",
            "outputs": [
                {
                    "name": "res",
                    "type": "(felt, felt)"
                }
            ],
            "stateMutability": "view",
            "type": "function"
        },
        {
            "inputs": [
                {
                    "name": "pointPair",
                    "type": "PointPair"
                }
            ],
            "name": "sum_point_pair",
            "outputs": [
                {
                    "name": "res",
                    "type": "Point"
                }
            ],
            "stateMutability": "view",
            "type": "function"
        },
        {
            "inputs": [
                {
                    "name": "tuple_holder",
                    "type": "TupleHolder"
                }
            ],
            "name": "add_extra_to_tuple",
            "outputs": [
                {
                    "name": "res",
                    "type": "Point"
                }
            ],
            "stateMutability": "view",
            "type": "function"
        },
        {
            "inputs": [
                {
                    "name": "a",
                    "type": "felt"
                },
                {
                    "name": "b",
                    "type": "felt"
                }
            ],
            "name": "use_almost_equal",
            "outputs": [
                {
                    "name": "res",
                    "type": "felt"
                }
            ],
            "stateMutability": "view",
            "type": "function"
        },
        {
            "inputs": [
                {
                    "name": "a_len",
                    "type": "felt"
                },
                {
                    "name": "a",
                    "type": "felt*"
                }
            ],
            "name": "sum_array",
            "outputs": [
                {
                    "name": "res",
                    "type": "felt"
                }
            ],
            "type": "function"
        },
        {
            "inputs": [],
            "name": "get_signature",
            "outputs": [
                {
                    "name": "res_len",
                    "type": "felt"
                },
                {
                    "name": "res",
                    "type": "felt*"
                }
            ],
            "type": "function"
        }
    ],
    "bytecode": [
        "0x20780017fff7ffd",
        "0x3",
        "0x208b7fff7fff7ffe",
        "0x480a7ffb7fff8000",
        "0x480a7ffc7fff8000",
        "0x480080007fff8000",
        "0x400080007ffd7fff",
        "0x482480017ffd8001",
        "0x1",
        "0x482480017ffd8001",
        "0x1",
        "0xa0680017fff7ffe",
        "0x800000000000010fffffffffffffffffffffffffffffffffffffffffffffffb",
        "0x402a7ffc7ffd7fff",
        "0x208b7fff7fff7ffe",
        "0x400380007ffc7ffd",
        "0x482680017ffc8000",
        "0x1",
        "0x208b7fff7fff7ffe",
        "0x480a7ffb7fff8000",
        "0x48297ffc80007ffd",
        "0x1104800180018000",
        "0x800000000000010fffffffffffffffffffffffffffffffffffffffffffffffb",
        "0x208b7fff7fff7ffe",
        "0x482680017ffb8000",
        "0x2",
        "0x480280007ffb8000",
        "0x482680017ffd8000",
        "0x800000000000011000000000000000000000000000000000000000000000000",
        "0x1104800180018000",
        "0x800000000000010fffffffffffffffffffffffffffffffffffffffffffffff7",
        "0x480280017ffb8000",
        "0x48487ffd7fff8000",
        "0x480280007ffb8000",
        "0x40317fff7ffe7ffc",
        "0x48127ffc7fff8000",
        "0x480280017ffb8000",
        "0x480280007ffb8000",
        "0x208b7fff7fff7ffe",
        "0x480680017fff8000",
        "0x47657454785369676e6174757265",
        "0x400280007ffd7fff",
        "0x482680017ffd8000",
        "0x3",
        "0x480280017ffd8000",
        "0x480280027ffd8000",
        "0x208b7fff7fff7ffe",
        "0x480680017fff8000",
        "0x53746f7261676552656164",
        "0x400280007ffc7fff",
        "0x400380017ffc7ffd",
        "0x482680017ffc8000",
        "0x3",
        "0x480280027ffc8000",
        "0x208b7fff7fff7ffe",
        "0x480680017fff8000",
        "0x53746f726167655772697465",
        "0x400280007ffb7fff",
        "0x400380017ffb7ffc",
        "0x400380027ffb7ffd",
        "0x482680017ffb8000",
        "0x3",
        "0x208b7fff7fff7ffe",
        "0x48297ffd80007ffc",
        "0x482680017ffd8000",
        "0x1",
        "0x48317fff80007ffc",
        "0x48507fff7ffd8000",
        "0x482680017ffd8000",
        "0x800000000000011000000000000000000000000000000000000000000000000",
        "0x48317fff80007ffc",
        "0x48507fff7ffd8000",
        "0x20680017fff7fff",
        "0x5",
        "0x480680017fff8000",
        "0x1",
        "0x208b7fff7fff7ffe",
        "0x480680017fff8000",
        "0x0",
        "0x208b7fff7fff7ffe",
        "0x480a7ffc7fff8000",
        "0x480a7ffd7fff8000",
        "0x480680017fff8000",
        "0x206f38f7e4f15e87567361213c28f235cccdaa1d7fd34c9db1dfe9489c6a091",
        "0x208b7fff7fff7ffe",
        "0x480a7ffc7fff8000",
        "0x480a7ffd7fff8000",
        "0x1104800180018000",
        "0x800000000000010fffffffffffffffffffffffffffffffffffffffffffffffa",
        "0x480a7ffb7fff8000",
        "0x48127ffe7fff8000",
        "0x1104800180018000",
        "0x800000000000010ffffffffffffffffffffffffffffffffffffffffffffffd5",
        "0x48127ffe7fff8000",
        "0x48127ff57fff8000",
        "0x48127ff57fff8000",
        "0x48127ffc7fff8000",
        "0x208b7fff7fff7ffe",
        "0x480a7ffb7fff8000",
        "0x480a7ffc7fff8000",
        "0x1104800180018000",
        "0x800000000000010ffffffffffffffffffffffffffffffffffffffffffffffed",
        "0x480a7ffa7fff8000",
        "0x48127ffe7fff8000",
        "0x480a7ffd7fff8000",
        "0x1104800180018000",
        "0x800000000000010ffffffffffffffffffffffffffffffffffffffffffffffcf",
        "0x48127ff67fff8000",
        "0x48127ff67fff8000",
        "0x208b7fff7fff7ffe",
        "0x480a7ffa7fff8000",
        "0x480a7ffb7fff8000",
        "0x480a7ffc7fff8000",
        "0x480a7ffd7fff8000",
        "0x1104800180018000",
        "0x800000000000010fffffffffffffffffffffffffffffffffffffffffffffff1",
        "0x208b7fff7fff7ffe",
        "0x482680017ffd8000",
        "0x1",
        "0x402a7ffd7ffc7fff",
        "0x480280007ffb8000",
        "0x480280017ffb8000",
        "0x480280027ffb8000",
        "0x480280007ffd8000",
        "0x1104800180018000",
        "0x800000000000010fffffffffffffffffffffffffffffffffffffffffffffff3",
        "0x40780017fff7fff",
        "0x1",
        "0x48127ffc7fff8000",
        "0x48127ffc7fff8000",
        "0x48127ffc7fff8000",
        "0x480680017fff8000",
        "0x0",
        "0x48127ffb7fff8000",
        "0x208b7fff7fff7ffe",
        "0x480a7ff97fff8000",
        "0x480a7ffa7fff8000",
        "0x480a7ffb7fff8000",
        "0x1104800180018000",
        "0x800000000000010ffffffffffffffffffffffffffffffffffffffffffffffcc",
        "0x48287ffc7fff8000",
        "0x48127ffb7fff8000",
        "0x48127ffb7fff8000",
        "0x48127ffb7fff8000",
        "0x48287ffd7ffc8000",
        "0x1104800180018000",
        "0x800000000000010ffffffffffffffffffffffffffffffffffffffffffffffd2",
        "0x208b7fff7fff7ffe",
        "0x482680017ffd8000",
        "0x2",
        "0x402a7ffd7ffc7fff",
        "0x480280007ffb8000",
        "0x480280017ffb8000",
        "0x480280027ffb8000",
        "0x480280007ffd8000",
        "0x480280017ffd8000",
        "0x1104800180018000",
        "0x800000000000010ffffffffffffffffffffffffffffffffffffffffffffffec",
        "0x40780017fff7fff",
        "0x1",
        "0x48127ffc7fff8000",
        "0x48127ffc7fff8000",
        "0x48127ffc7fff8000",
        "0x480680017fff8000",
        "0x0",
        "0x48127ffb7fff8000",
        "0x208b7fff7fff7ffe",
        "0x480a7ffc7fff8000",
        "0x480a7ffd7fff8000",
        "0x480680017fff8000",
        "0x2",
        "0x1104800180018000",
        "0x800000000000010ffffffffffffffffffffffffffffffffffffffffffffff6e",
        "0x400680017fff7fff",
        "0x0",
        "0x480a7ffa7fff8000",
        "0x480a7ffb7fff8000",
        "0x48127ffb7fff8000",
        "0x1104800180018000",
        "0x800000000000010ffffffffffffffffffffffffffffffffffffffffffffffa4",
        "0x48127ffc7fff8000",
        "0x48127ffc7fff8000",
        "0x48127ffc7fff8000",
        "0x48287ffd7ffc8000",
        "0x1104800180018000",
        "0x800000000000010ffffffffffffffffffffffffffffffffffffffffffffffab",
        "0x208b7fff7fff7ffe",
        "0x482680017ffd8000",
        "0x1",
        "0x402a7ffd7ffc7fff",
        "0x480280007ffb8000",
        "0x480280017ffb8000",
        "0x480280027ffb8000",
        "0x480280007ffd8000",
        "0x1104800180018000",
        "0x800000000000010ffffffffffffffffffffffffffffffffffffffffffffffe6",
        "0x40780017fff7fff",
        "0x1",
        "0x48127ffc7fff8000",
        "0x48127ffc7fff8000",
        "0x48127ffc7fff8000",
        "0x480680017fff8000",
        "0x0",
        "0x48127ffb7fff8000",
        "0x208b7fff7fff7ffe",
        "0x480a7ffb7fff8000",
        "0x480a7ffc7fff8000",
        "0x480a7ffd7fff8000",
        "0x1104800180018000",
        "0x800000000000010ffffffffffffffffffffffffffffffffffffffffffffff86",
        "0x208b7fff7fff7ffe",
        "0x40780017fff7fff",
        "0x1",
        "0x4003800080007ffc",
        "0x4826800180008000",
        "0x1",
        "0x480a7ffd7fff8000",
        "0x4828800080007ffe",
        "0x480a80007fff8000",
        "0x208b7fff7fff7ffe",
        "0x402b7ffd7ffc7ffd",
        "0x480280007ffb8000",
        "0x480280017ffb8000",
        "0x480280027ffb8000",
        "0x1104800180018000",
        "0x800000000000010ffffffffffffffffffffffffffffffffffffffffffffffee",
        "0x48127ffe7fff8000",
        "0x1104800180018000",
        "0x800000000000010fffffffffffffffffffffffffffffffffffffffffffffff1",
        "0x48127ff47fff8000",
        "0x48127ff47fff8000",
        "0x48127ffb7fff8000",
        "0x48127ffb7fff8000",
        "0x48127ffb7fff8000",
        "0x208b7fff7fff7ffe",
        "0x480680017fff8000",
        "0x2",
        "0x480680017fff8000",
        "0x3",
        "0x480680017fff8000",
        "0x4",
        "0x208b7fff7fff7ffe",
        "0x40780017fff7fff",
        "0x1",
        "0x4003800080007ffa",
        "0x4003800180007ffb",
        "0x4003800280007ffc",
        "0x4826800180008000",
        "0x3",
        "0x480a7ffd7fff8000",
        "0x4828800080007ffe",
        "0x480a80007fff8000",
        "0x208b7fff7fff7ffe",
        "0x402b7ffd7ffc7ffd",
        "0x1104800180018000",
        "0x800000000000010ffffffffffffffffffffffffffffffffffffffffffffffee",
        "0x480280027ffb8000",
        "0x1104800180018000",
        "0x800000000000010fffffffffffffffffffffffffffffffffffffffffffffff2",
        "0x480280007ffb8000",
        "0x480280017ffb8000",
        "0x48127ffb7fff8000",
        "0x48127ffb7fff8000",
        "0x48127ffb7fff8000",
        "0x208b7fff7fff7ffe",
        "0x480a7ffc7fff8000",
        "0x480a7ffd7fff8000",
        "0x484a7ffc7ffc8000",
        "0x208b7fff7fff7ffe",
        "0x40780017fff7fff",
        "0x3",
        "0x4003800080007ffa",
        "0x400380007ffd7ffa",
        "0x402780017ffd8001",
        "0x1",
        "0x4826800180008000",
        "0x1",
        "0x40297ffa7fff8002",
        "0x4826800180008000",
        "0x1",
        "0x480a7ffb7fff8000",
        "0x480a7ffa7fff8000",
        "0x1104800180018000",
        "0x800000000000010fffffffffffffffffffffffffffffffffffffffffffffee7",
        "0x4003800080027ffc",
        "0x4826800180028000",
        "0x1",
        "0x480a80017fff8000",
        "0x4828800080007ffe",
        "0x480a80007fff8000",
        "0x208b7fff7fff7ffe",
        "0x480280027ffb8000",
        "0x480280007ffd8000",
        "0x400080007ffe7fff",
        "0x482680017ffd8000",
        "0x1",
        "0x480280007ffd8000",
        "0x48307fff7ffe8000",
        "0x402a7ffd7ffc7fff",
        "0x480280007ffd8000",
        "0x482680017ffd8000",
        "0x1",
        "0x1104800180018000",
        "0x800000000000010ffffffffffffffffffffffffffffffffffffffffffffffdc",
        "0x480280027ffb8000",
        "0x48127ffc7fff8000",
        "0x48127ffc7fff8000",
        "0x48127ffc7fff8000",
        "0x482480017ffc8000",
        "0x1",
        "0x1104800180018000",
        "0x800000000000010ffffffffffffffffffffffffffffffffffffffffffffffd8",
        "0x480280007ffb8000",
        "0x480280017ffb8000",
        "0x48127ffb7fff8000",
        "0x48127ffb7fff8000",
        "0x48127ffb7fff8000",
        "0x208b7fff7fff7ffe",
        "0x482a7ffc7ffa8000",
        "0x482a7ffd7ffb8000",
        "0x208b7fff7fff7ffe",
        "0x40780017fff7fff",
        "0x1",
        "0x4003800080007ffb",
        "0x4003800180007ffc",
        "0x4826800180008000",
        "0x2",
        "0x480a7ffd7fff8000",
        "0x4828800080007ffe",
        "0x480a80007fff8000",
        "0x208b7fff7fff7ffe",
        "0x482680017ffd8000",
        "0x4",
        "0x402a7ffd7ffc7fff",
        "0x480280007ffd8000",
        "0x480280017ffd8000",
        "0x480280027ffd8000",
        "0x480280037ffd8000",
        "0x1104800180018000",
        "0x800000000000010ffffffffffffffffffffffffffffffffffffffffffffffed",
        "0x480280027ffb8000",
        "0x1104800180018000",
        "0x800000000000010ffffffffffffffffffffffffffffffffffffffffffffffed",
        "0x480280007ffb8000",
        "0x480280017ffb8000",
        "0x48127ffb7fff8000",
        "0x48127ffb7fff8000",
        "0x48127ffb7fff8000",
        "0x208b7fff7fff7ffe",
        "0x482a7ffb7ff98000",
        "0x482a7ffc7ffa8000",
        "0x48287ffd7ffe8000",
        "0x48287ffd7ffe8000",
        "0x208b7fff7fff7ffe",
        "0x40780017fff7fff",
        "0x1",
        "0x4003800080007ffb",
        "0x4003800180007ffc",
        "0x4826800180008000",
        "0x2",
        "0x480a7ffd7fff8000",
        "0x4828800080007ffe",
        "0x480a80007fff8000",
        "0x208b7fff7fff7ffe",
        "0x482680017ffd8000",
        "0x5",
        "0x402a7ffd7ffc7fff",
        "0x480280007ffd8000",
        "0x480280017ffd8000",
        "0x480280027ffd8000",
        "0x480280037ffd8000",
        "0x480280047ffd8000",
        "0x1104800180018000",
        "0x800000000000010ffffffffffffffffffffffffffffffffffffffffffffffea",
        "0x480280027ffb8000",
        "0x1104800180018000",
        "0x800000000000010ffffffffffffffffffffffffffffffffffffffffffffffec",
        "0x480280007ffb8000",
        "0x480280017ffb8000",
        "0x48127ffb7fff8000",
        "0x48127ffb7fff8000",
        "0x48127ffb7fff8000",
        "0x208b7fff7fff7ffe",
        "0x482a7ffd7ffb8000",
        "0x482a7ffd7ffc8000",
        "0x208b7fff7fff7ffe",
        "0x40780017fff7fff",
        "0x1",
        "0x4003800080007ffb",
        "0x4003800180007ffc",
        "0x4826800180008000",
        "0x2",
        "0x480a7ffd7fff8000",
        "0x4828800080007ffe",
        "0x480a80007fff8000",
        "0x208b7fff7fff7ffe",
        "0x482680017ffd8000",
        "0x3",
        "0x402a7ffd7ffc7fff",
        "0x480280007ffd8000",
        "0x480280017ffd8000",
        "0x480280027ffd8000",
        "0x1104800180018000",
        "0x800000000000010ffffffffffffffffffffffffffffffffffffffffffffffee",
        "0x480280027ffb8000",
        "0x1104800180018000",
        "0x800000000000010ffffffffffffffffffffffffffffffffffffffffffffffee",
        "0x480280007ffb8000",
        "0x480280017ffb8000",
        "0x48127ffb7fff8000",
        "0x48127ffb7fff8000",
        "0x48127ffb7fff8000",
        "0x208b7fff7fff7ffe",
        "0x480a7ffc7fff8000",
        "0x480a7ffd7fff8000",
        "0x1104800180018000",
        "0x800000000000010fffffffffffffffffffffffffffffffffffffffffffffea1",
        "0x208b7fff7fff7ffe",
        "0x40780017fff7fff",
        "0x1",
        "0x4003800080007ffc",
        "0x4826800180008000",
        "0x1",
        "0x480a7ffd7fff8000",
        "0x4828800080007ffe",
        "0x480a80007fff8000",
        "0x208b7fff7fff7ffe",
        "0x482680017ffd8000",
        "0x2",
        "0x402a7ffd7ffc7fff",
        "0x480280007ffd8000",
        "0x480280017ffd8000",
        "0x1104800180018000",
        "0x800000000000010ffffffffffffffffffffffffffffffffffffffffffffffee",
        "0x480280027ffb8000",
        "0x1104800180018000",
        "0x800000000000010fffffffffffffffffffffffffffffffffffffffffffffff0",
        "0x480280007ffb8000",
        "0x480280017ffb8000",
        "0x48127ffb7fff8000",
        "0x48127ffb7fff8000",
        "0x48127ffb7fff8000",
        "0x208b7fff7fff7ffe",
        "0x20780017fff7ffc",
        "0x5",
        "0x480680017fff8000",
        "0x0",
        "0x208b7fff7fff7ffe",
        "0x482680017ffc8000",
        "0x800000000000011000000000000000000000000000000000000000000000000",
        "0x482680017ffd8000",
        "0x1",
        "0x1104800180018000",
        "0x800000000000010fffffffffffffffffffffffffffffffffffffffffffffff8",
        "0x480280007ffd8000",
        "0x48307ffe7fff8000",
        "0x208b7fff7fff7ffe",
        "0x40780017fff7fff",
        "0x1",
        "0x4003800080007ffc",
        "0x4826800180008000",
        "0x1",
        "0x480a7ffd7fff8000",
        "0x4828800080007ffe",
        "0x480a80007fff8000",
        "0x208b7fff7fff7ffe",
        "0x480280027ffb8000",
        "0x480280007ffd8000",
        "0x400080007ffe7fff",
        "0x482680017ffd8000",
        "0x1",
        "0x480280007ffd8000",
        "0x48307fff7ffe8000",
        "0x402a7ffd7ffc7fff",
        "0x480280007ffd8000",
        "0x482680017ffd8000",
        "0x1",
        "0x1104800180018000",
        "0x800000000000010ffffffffffffffffffffffffffffffffffffffffffffffdf",
        "0x480280027ffb8000",
        "0x48127ffe7fff8000",
        "0x482480017ffe8000",
        "0x1",
        "0x1104800180018000",
        "0x800000000000010ffffffffffffffffffffffffffffffffffffffffffffffe7",
        "0x480280007ffb8000",
        "0x480280017ffb8000",
        "0x48127ffb7fff8000",
        "0x48127ffb7fff8000",
        "0x48127ffb7fff8000",
        "0x208b7fff7fff7ffe",
        "0x480a7ffc7fff8000",
        "0x1104800180018000",
        "0x800000000000010fffffffffffffffffffffffffffffffffffffffffffffe3c",
        "0x48127ffd7fff8000",
        "0x480a7ffd7fff8000",
        "0x48127ffc7fff8000",
        "0x48127ffc7fff8000",
        "0x208b7fff7fff7ffe",
        "0x40780017fff7fff",
        "0x3",
        "0x4003800080007ffb",
        "0x400380007ffd7ffb",
        "0x402780017ffd8001",
        "0x1",
        "0x4826800180008000",
        "0x1",
        "0x40297ffb7fff8002",
        "0x4826800180008000",
        "0x1",
        "0x480a7ffc7fff8000",
        "0x480a7ffb7fff8000",
        "0x1104800180018000",
        "0x800000000000010fffffffffffffffffffffffffffffffffffffffffffffe01",
        "0x480a80017fff8000",
        "0x4829800080008002",
        "0x480a80007fff8000",
        "0x208b7fff7fff7ffe",
        "0x40780017fff7fff",
        "0x2",
        "0x402b7ffd7ffc7ffd",
        "0x480280007ffb8000",
        "0x480280017ffb8000",
        "0x1104800180018000",
        "0x800000000000010ffffffffffffffffffffffffffffffffffffffffffffffe1",
        "0x40137ffc7fff8000",
        "0x40137ffd7fff8001",
        "0x480280027ffb8000",
        "0x1104800180018000",
        "0x800000000000010ffffffffffffffffffffffffffffffffffffffffffffffe4",
        "0x480a80007fff8000",
        "0x480a80017fff8000",
        "0x48127ffb7fff8000",
        "0x48127ffb7fff8000",
        "0x48127ffb7fff8000",
        "0x208b7fff7fff7ffe"
    ]
}
