Deploy transaction was sent.
Contract address: 0x06a9555c51c45990d479a0322c0e438c465a988151423049645773162dd7b1c9
Transaction hash: 0x02d3c5827c7067c485e14943c8893f52873680d72f88396a5d02ddb743dc4598
