{
    "events": [
        {
            "data": [
                "0x0",
                "0xa"
            ],
            "from_address": "0x7a0c836e446fb20e2b8e3354251b862ea45cfd039bb158576f5e8d0983ff2bb",
            "keys": [
                "0x3db3da4221c078e78bd987e54e1cc24570d89a7002cefa33e548d6c72c73f9d"
            ]
        }
    ]
}
