{
    "events": [
        {
            "data": ["0x0", "0xa"],
            "from_address": "0x7c3a0c91048930f0258601db4211a3aa0578d9e746f15526a74eaabd38c56a4",
            "keys": [
                "0x3db3da4221c078e78bd987e54e1cc24570d89a7002cefa33e548d6c72c73f9d"
            ]
        }
    ]
}
