{
    "call_type": "CALL",
    "calldata": ["0xa", "0x14"],
    "caller_address": "0x0",
    "class_hash": "0x757a84aa38bf4ad191a7dfea2e8146fc7f3c4aa6090a8f0bddd7b688f0b24c",
    "contract_address": "0x24ae8c3e36aeaf5d9e8d543e86f0b59233f6f18710565f133c557158fb7f349",
    "entry_point_type": "EXTERNAL",
    "events": [],
    "execution_resources": {
        "builtin_instance_counter": {
            "bitwise_builtin": 0,
            "ecdsa_builtin": 0,
            "output_builtin": 0,
            "pedersen_builtin": 0,
            "range_check_builtin": 0
        },
        "n_memory_holes": 0,
        "n_steps": 67
    },
    "internal_calls": [],
    "messages": [],
    "result": [],
    "selector": "0x362398bec32bc0ebb411203221a35a0301193a96f317ebe5e40be9f60d15320"
}
